D:/libs/chip_headers/CMSIS/Include/core_cm4.h:1684:22:__NVIC_EnableIRQ	16	static,ignoring_inline_asm
../Src/uart.c:37:5:__io_putchar	16	static
../Src/uart.c:42:6:dma1_stream6_init	24	static
../Src/uart.c:94:6:uart2_rxtx_init	8	static
../Src/uart.c:138:6:uart2_rx_interrupt_init	8	static
../Src/uart.c:187:6:uart2_tx_init	8	static
../Src/uart.c:217:6:uart2_read	4	static
../Src/uart.c:227:6:uart2_write	16	static
../Src/uart.c:236:13:uart_set_baudrate	24	static
../Src/uart.c:240:17:compute_uart_bd	16	static
